// Jest Snapshot v1, https://goo.gl/fbAQLP

exports[`navigation export toGeoJSON as Great Circle 1`] = `
Object {
  "bbox": Array [
    0,
    0,
    3,
    4,
  ],
  "features": Array [
    Object {
      "geometry": Object {
        "coordinates": Array [
          Array [
            0,
            0,
            10,
          ],
          Array [
            1,
            1,
            20,
          ],
        ],
        "type": "LineString",
      },
      "id": 1,
      "properties": Object {
        "altitudeReference": "WGS84",
        "name": "A",
      },
      "type": "Feature",
    },
    Object {
      "geometry": Object {
        "coordinates": Array [
          Array [
            1,
            1,
            20,
          ],
          Array [
            1,
            2,
            20,
          ],
        ],
        "type": "LineString",
      },
      "id": 2,
      "properties": Object {
        "altitudeReference": "WGS84",
        "name": "Babababa",
      },
      "type": "Feature",
    },
    Object {
      "geometry": Object {
        "coordinates": Array [
          Array [
            2,
            2,
            20,
          ],
          Array [
            3,
            3,
            10,
          ],
        ],
        "type": "LineString",
      },
      "id": 1,
      "properties": Object {
        "altitudeReference": "WGS84",
        "name": "C",
      },
      "type": "Feature",
    },
    Object {
      "geometry": Object {
        "coordinates": Array [
          Array [
            3,
            3,
            10,
          ],
          Array [
            3,
            4,
            10,
          ],
        ],
        "type": "LineString",
      },
      "id": 2,
      "properties": Object {
        "altitudeReference": "WGS84",
        "name": "Dadadadada",
      },
      "type": "Feature",
    },
  ],
  "type": "FeatureCollection",
}
`;

exports[`navigation hold a list of POI 1`] = `
Array [
  "LFBA",
  "LFDE",
]
`;
